# Copyright (c) 2026 Huawei Device Co., Ltd.
# Licensed under the Apache License, Version 2.0 (the "License");
# you may not use this file except in compliance with the License.
# You may obtain a copy of the License at
#
#     http://www.apache.org/licenses/LICENSE-2.0
#
# Unless required by applicable law or agreed to in writing, software
# distributed under the License is distributed on an "AS IS" BASIS,
# WITHOUT WARRANTIES OR CONDITIONS OF ANY KIND, either express or implied.
# See the License for the specific language governing permissions and
# limitations under the License.

1.0 {
    global:
        extern "C++" {
            OHOS::PurgeableMem::PurgeableMem::*;
            OHOS::PurgeableMem::PurgeableAshMem::*;
            OHOS::PurgeableMem::PurgeableMemBase::*;
            OHOS::PurgeableMem::PurgeableMemBuilder::*;
            OHOS::PurgeableMem::UxPageTable::*;
        };

        _ZTVN4OHOS12PurgeableMem*;
        _ZTIN4OHOS12PurgeableMem*;
        _ZTTN4OHOS12PurgeableMem*;
        _ZTCN4OHOS12PurgeableMem*;
        # Thunk symbols
        _ZTh*N4OHOS12PurgeableMem*;
        _ZTv*N4OHOS12PurgeableMem*;

        # public c api
        PurgMemCreate;
        PurgMemDestroy;
        PurgMemBeginRead;
        PurgMemEndRead;
        PurgMemBeginWrite;
        PurgMemEndWrite;
        PurgMemGetContent;
        PurgMemGetContentSize;
        PurgMemAppendModify;
        PurgMemBuilderCreate;
        PurgMemBuilderDestroy;
        PurgMemBuilderAppendFunc;
        PurgMemBuilderAppendBuilder;
        PurgMemBuilderBuildAll;
    local:
        *;
};